schema
{
    query: Query
}

"""
Only schema should be printed
"""
type Query
{
    fizz: Int
}

type unref3
{
    fizz: Int
}

interface unref4
{
    fizz: Int
}

union unref5

input unref7
{
    fizz: Int
}

enum unref6
{
    FIZZ
}

"""
The `Int` scalar type represents non-fractional signed whole numeric values. 
Int can represent values between -(2^31) and 2^31 - 1.
"""
scalar Int

"""
The `Float` scalar type represents signed double-precision fractional values as specified 
by [IEEE 754](http://en.wikipedia.org/wiki/IEEE_floating_point).
"""
scalar Float

"""
The `String` scalar type represents textual data, represented as UTF-8 character sequences. 
The String type is most often used by GraphQL to represent free-form human-readable text.
"""
scalar String

"""
The `Boolean` scalar type represents `true` or `false`.
"""
scalar Boolean

"""
The `ID` scalar type represents a unique identifier, often used to refetch an object or as 
key for a cache. The ID type appears in a JSON response as a String; however, it is not 
intended to be human-readable. When expected as an input type, any string (such as `"4"`) 
or integer (such as `4`) input value will be accepted as an ID.
"""
scalar ID

scalar unref2

"""
Directs the executor to include this field or fragment only when the `if` argument is true
"""
directive @include
(
    """
    Included when true.
    """
    if: Boolean!
) on FIELD | FRAGMENT_SPREAD | INLINE_FRAGMENT

"""
Directs the executor to skip this field or fragment when the `if` argument is true.
"""
directive @skip
(
    """
    Skipped when true.
    """
    if: Boolean!
) on FIELD | FRAGMENT_SPREAD | INLINE_FRAGMENT

"""
Marks the field, argument, input field or enum value as deprecated.
"""
directive @deprecated
(
    """
    The reason for the deprecation
    """
    reason: String = "No longer supported"
) on FIELD_DEFINITION | ARGUMENT_DEFINITION | ENUM_VALUE | INPUT_FIELD_DEFINITION

"""
Exposes a URL that specifies the behaviour of this scalar.
"""
directive @specifiedBy
(
    """
    The URL that specifies the behaviour of this scalar.
    """
    url: String!
) on SCALAR

directive @unref1 on ENUM

