schema
{
    query: Query
}

"""
Only schema should be printed
"""
type Query
{
    fizz: Int
}

"""
The `Int` scalar type represents non-fractional signed whole numeric values. 
Int can represent values between -(2^31) and 2^31 - 1.
"""
scalar Int

